
### 插件plugins

#### azkaban-plugins的build.xml

```
[11899517@bigdata4 ~]$ cd azkaban-plugins
[11899517@bigdata4 azkaban-plugins]$ ls -l
总用量 84
-rw-rw-r-- 1 11899517 11899517    58 2月  16 12:42 build.properties
-rw-rw-r-- 1 11899517 11899517  5320 2月  16 12:42 build.xml
-rw-rw-r-- 1 11899517 11899517 30874 2月  16 12:42 eclipse-styles.xml
drwxrwxr-x 2 11899517 11899517  4096 2月  16 12:42 extlib
-rw-rw-r-- 1 11899517 11899517  3964 2月  16 12:42 INSTALL
-rw-rw-r-- 1 11899517 11899517 11358 2月  16 12:42 LICENSE
-rw-rw-r-- 1 11899517 11899517  2302 2月  16 12:42 NOTICE
drwxrwxr-x 7 11899517 11899517  4096 2月  16 12:42 plugins
-rw-rw-r-- 1 11899517 11899517   485 2月  16 12:42 README.md
drwxrwxr-x 2 11899517 11899517  4096 2月  16 12:42 test_lib
drwxrwxr-x 2 11899517 11899517  4096 2月  16 12:42 test_resource
[11899517@bigdata4 azkaban-plugins]$ vi build.xml
与视频文件差别大，未把viewer相关模块注释，如javaviewer/pigvisualizer/reportal
```

#### azkaban-plugins的build.xml

```
[11899517@bigdata4 ~]$ cd azkaban-plugins
[11899517@bigdata4 azkaban-plugins]$ ls -l
总用量 84
-rw-rw-r-- 1 11899517 11899517    58 2月  16 12:42 build.properties
-rw-rw-r-- 1 11899517 11899517  5320 2月  16 12:42 build.xml
-rw-rw-r-- 1 11899517 11899517 30874 2月  16 12:42 eclipse-styles.xml
drwxrwxr-x 2 11899517 11899517  4096 2月  16 12:42 extlib
-rw-rw-r-- 1 11899517 11899517  3964 2月  16 12:42 INSTALL
-rw-rw-r-- 1 11899517 11899517 11358 2月  16 12:42 LICENSE
-rw-rw-r-- 1 11899517 11899517  2302 2月  16 12:42 NOTICE
drwxrwxr-x 7 11899517 11899517  4096 2月  16 12:42 plugins
-rw-rw-r-- 1 11899517 11899517   485 2月  16 12:42 README.md
drwxrwxr-x 2 11899517 11899517  4096 2月  16 12:42 test_lib
drwxrwxr-x 2 11899517 11899517  4096 2月  16 12:42 test_resource
[11899517@bigdata4 azkaban-plugins]$ cd plugins
[11899517@bigdata4 plugins]$ ls -l
总用量 20
drwxrwxr-x 4 11899517 11899517 4096 2月  16 12:42 crypto
drwxrwxr-x 4 11899517 11899517 4096 2月  16 12:42 hadoopsecuritymanager
drwxrwxr-x 4 11899517 11899517 4096 2月  16 12:42 hadoopsecuritymanager-common
drwxrwxr-x 4 11899517 11899517 4096 2月  16 12:42 hadoopsecuritymanager-yarn
drwxrwxr-x 6 11899517 11899517 4096 2月  16 12:42 jobtype
[11899517@bigdata4 plugins]$ vi jobtype/build.xml
```

<li>把target的fail注释,去掉单元测试用例的失败进程
        
<li>给jobtype jar增加相应的jar包

```
                <copy file="${azkaban-jobtype-jar}" todir="${dist.packages.dir}/hadoopShell" />
                <copy file="${azkaban-jobtype-jar}" todir="${dist.packages.dir}/spark" />
```

<li>给hadoopsecuritymanager增加相应的jar包

```
                <copy file="${hadoopsecuritymanagerjar}" todir="${dist.packages.dir}/hadoopShell" />
                <copy file="${hadoopsecuritymanagerjar}" todir="${dist.packages.dir}/spark" />
```

#### ant编译

```
[11899517@bigdata4 plugins]$ cd ..
[11899517@bigdata4 azkaban-plugins]$ ls
build.properties  eclipse-styles.xml  INSTALL  NOTICE   README.md  test_resource
build.xml         extlib              LICENSE  plugins  test_lib
[11899517@bigdata4 azkaban-plugins]$ ant
Buildfile: /mnt/home/11899517/azkaban-plugins/build.xml

createDist:
    [mkdir] Created dir: /mnt/home/11899517/azkaban-plugins/dist
    中间省略很多输出
package:

package:
    [mkdir] Created dir: /mnt/home/11899517/azkaban-plugins/dist/packages
     [copy] Copying 82 files to /mnt/home/11899517/azkaban-plugins/dist/packages/jobtypes
      [tar] Building tar: /mnt/home/11899517/azkaban-plugins/dist/packages/azkaban-plugins-3.0.0.tar.gz

BUILD SUCCESSFUL
Total time: 17 seconds
```

<li>在packages目录看到打包后的结果:

```
[11899517@bigdata4 azkaban-plugins]$ ls
build.properties  dist                extlib   LICENSE  plugins    test_lib
build.xml         eclipse-styles.xml  INSTALL  NOTICE   README.md  test_resource
[11899517@bigdata4 azkaban-plugins]$ cd dist
[11899517@bigdata4 dist]$ ls
crypto  hadoopsecuritymanager  hadoopsecuritymanager-yarn  jobtype  packages  package.version
[11899517@bigdata4 dist]$ cd jobtype
[11899517@bigdata4 jobtype]$ ls
classes  jars  packages  testclasses
[11899517@bigdata4 jobtype]$ cd packages
[11899517@bigdata4 packages]$ ls
azkaban-hadoopsecuritymanageryarn-3.0.0.jar  hadoopJava      package.version  pig-0.9.2
azkaban-jobtype-3.0.0.tar.gz                 hadoopShell     pig-0.10.0       spark
commonprivate.properties                     hdfsToTeradata  pig-0.10.1       teradataToHdfs
common.properties                            hive            pig-0.11.0
gobblin   
```

#### 数据库建表

```
[11899517@bigdata4 ~]$ mysql -hlocalhost -P3306 -uroot -pGg/ru,.#5
mysql: [Warning] Using a password on the command line interface can be insecure.
Welcome to the MySQL monitor.  Commands end with ; or \g.
Your MySQL connection id is 18857
Server version: 5.7.22 MySQL Community Server (GPL)

Copyright (c) 2000, 2018, Oracle and/or its affiliates. All rights reserved.

Oracle is a registered trademark of Oracle Corporation and/or its
affiliates. Other names may be trademarks of their respective
owners.

Type 'help;' or '\h' for help. Type '\c' to clear the current input statement.

mysql> CREATE DATABASE azkabanqly;
Query OK, 1 row affected (0.00 sec)

mysql> show tables;
ERROR 1046 (3D000): No database selected
mysql> exit
Bye
[11899517@bigdata4 ~]$ 
```

<li>获取创建数据库表的语句

```
[11899517@bigdata4 azkaban]$ cd ..
[11899517@bigdata4 ~]$ ls
000000_0         indata.txt
17monipdb.dat    json-serde-1.3.6-jar-with-dependencies.jar
all_tar          log0605-output
azkaban          log0605.txt
azkaban-plugins  metastore_db
derby.log        mysql-connector-java-5.1.46.jar
flume            mysql-connector-java-5.1.47.jar
flumefile        part00000
flume_log        soft
hive             sqoop
hivefile
[11899517@bigdata4 ~]$ cd azkaban-plugins
[11899517@bigdata4 azkaban-plugins]$ cd ..
[11899517@bigdata4 ~]$ cd azkaban
[11899517@bigdata4 azkaban]$ cd azkaban-db
[11899517@bigdata4 azkaban-db]$ cd build
[11899517@bigdata4 build]$ ls
classes  distributions  libs  sql  tmp
[11899517@bigdata4 build]$ cd distribution
-bash: cd: distribution: 没有那个文件或目录
[11899517@bigdata4 build]$ cd distributions
[11899517@bigdata4 distributions]$ ls
azkaban-db-3.69.0-7-g3e5693a.tar.gz  azkaban-db-3.69.0-7-g3e5693a.zip
[11899517@bigdata4 distributions]$ tar -zxvf azkaban-db-3.69.0-7-g3e5693a.tar.gz
azkaban-db-3.69.0-7-g3e5693a/
中间省略很多输出
azkaban-db-3.69.0-7-g3e5693a/create-all-sql-3.69.0-7-g3e5693a.sql
[11899517@bigdata4 distributions]$ ls
azkaban-db-3.69.0-7-g3e5693a         azkaban-db-3.69.0-7-g3e5693a.zip
azkaban-db-3.69.0-7-g3e5693a.tar.gz
[11899517@bigdata4 distributions]$ 
```

<li>执行建表语句
        
```
[11899517@bigdata4 azkaban-db-3.69.0-7-g3e5693a]$ mysql -hlocalhost -P3306 -uroot -pGg/ru,.#5 -Dazkabanqly < create-all-sql-3.69.0-7-g3e5693a.sql
mysql: [Warning] Using a password on the command line interface can be insecure.
[11899517@bigdata4 azkaban-db-3.69.0-7-g3e5693a]$ mysql -hlocalhost -P3306 -uroot -pGg/ru,.#5 -Dazkabanqly
mysql: [Warning] Using a password on the command line interface can be insecure.
Reading table information for completion of table and column names
You can turn off this feature to get a quicker startup with -A

Welcome to the MySQL monitor.  Commands end with ; or \g.
Your MySQL connection id is 22322
Server version: 5.7.22 MySQL Community Server (GPL)

Copyright (c) 2000, 2018, Oracle and/or its affiliates. All rights reserved.

Oracle is a registered trademark of Oracle Corporation and/or its
affiliates. Other names may be trademarks of their respective
owners.

Type 'help;' or '\h' for help. Type '\c' to clear the current input statement.

mysql> show tables;
+--------------------------+
| Tables_in_azkabanqly     |
+--------------------------+
| QRTZ_BLOB_TRIGGERS       |
| QRTZ_CALENDARS           |
| QRTZ_CRON_TRIGGERS       |
| QRTZ_FIRED_TRIGGERS      |
| QRTZ_JOB_DETAILS         |
| QRTZ_LOCKS               |
| QRTZ_PAUSED_TRIGGER_GRPS |
| QRTZ_SCHEDULER_STATE     |
| QRTZ_SIMPLE_TRIGGERS     |
| QRTZ_SIMPROP_TRIGGERS    |
| QRTZ_TRIGGERS            |
| active_executing_flows   |
| active_sla               |
| execution_dependencies   |
| execution_flows          |
| execution_jobs           |
| execution_logs           |
| executor_events          |
| executors                |
| project_events           |
| project_files            |
| project_flow_files       |
| project_flows            |
| project_permissions      |
| project_properties       |
| project_versions         |
| projects                 |
| properties               |
| triggers                 |
+--------------------------+
29 rows in set (0.00 sec)

mysql> 
```

#### 部署web

```
[11899517@bigdata4 azkaban]$ cp /mnt/home/11899517/azkaban/azkaban-web-server/build/distributions/azkaban-web-server-3.69.0-7-g3e5693a.tar.gz ~
[11899517@bigdata4 azkaban]$ cd ..
[11899517@bigdata4 ~]$ ls
000000_0                                     hivefile
17monipdb.dat                                indata.txt
all_tar                                      json-serde-1.3.6-jar-with-dependencies.jar
azkaban                                      log0605-output
azkaban-plugins                              log0605.txt
azkaban-web-server-3.69.0-7-g3e5693a.tar.gz  metastore_db
derby.log                                    mysql-connector-java-5.1.46.jar
flume                                        mysql-connector-java-5.1.47.jar
flumefile                                    part00000
flume_log                                    soft
hive                                         sqoop
[11899517@bigdata4 ~]$ tar -zxvf azkaban-web-server-3.69.0-7-g3e5693a.tar.gz
azkaban-web-server-3.69.0-7-g3e5693a/
azkaban-web-server-3.69.0-7-g3e5693a/bin/
中间省略很多输出
[11899517@bigdata4 ~]$ rm azkaban-web-server-3.69.0-7-g3e5693a.tar.gz
[11899517@bigdata4 ~]$ mv azkaban-web-server-3.69.0-7-g3e5693a azkaban-web
[11899517@bigdata4 ~]$ ls
000000_0         hivefile
17monipdb.dat    indata.txt
all_tar          json-serde-1.3.6-jar-with-dependencies.jar
azkaban          log0605-output
azkaban-plugins  log0605.txt
azkaban-web      metastore_db
derby.log        mysql-connector-java-5.1.46.jar
flume            mysql-connector-java-5.1.47.jar
flumefile        part00000
flume_log        soft
hive             sqoop
[11899517@bigdata4 ~]$ cd azkaban-web
[11899517@bigdata4 azkaban-web]$ ls
bin  conf  lib  web
[11899517@bigdata4 azkaban-web]$ mkdir logs;mkdir extlib;
[11899517@bigdata4 azkaban-web]$ ls
bin  conf  extlib  lib  logs  web
[11899517@bigdata4 azkaban-web]$ cd conf
[11899517@bigdata4 conf]$ ls
azkaban.properties  azkaban-users.xml  global.properties  log4j.properties
[11899517@bigdata4 conf]$ less azkaban.properties
```

<li>azkaban.properties低配版

```
# Azkaban Personalization Settings
azkaban.name=Test
azkaban.label=My Local Azkaban
azkaban.color=#FF3601
azkaban.default.servlet.path=/index
web.resource.dir=web/
default.timezone.id=Asia/Shanghai
# Azkaban UserManager class
user.manager.class=azkaban.user.XmlUserManager
user.manager.xml.file=conf/azkaban-users.xml
# Loader for projects
#executor.global.properties=conf/global.properties
#azkaban.project.dir=projects
# Velocity dev mode
velocity.dev.mode=false
# Azkaban Jetty server properties.
jetty.use.ssl=false
jetty.maxThreads=400
jetty.port=33604
# Azkaban Executor settings
# mail settings
#mail.sender=
#mail.host=
# User facing web server configurations used to construct the user facing server URLs. They are useful when there is a reverse proxy between Azkaban web servers and users.
# enduser -> myazkabanhost:443 -> proxy -> localhost:8081
# when this parameters set then these parameters are used to generate email links.
# if these parameters are not set then jetty.hostname, and jetty.port(if ssl configured jetty.ssl.port) are used.
# azkaban.webserver.external_hostname=myazkabanhost.com
# azkaban.webserver.external_ssl_port=443
# azkaban.webserver.external_port=8081
#job.failure.email=
#job.success.email=
#lockdown.create.projects=false
#cache.directory=cache
# JMX stats
#jetty.connector.stats=true
#executor.connector.stats=true
# Azkaban mysql settings by default. Users should configure their own username and password.
database.type=mysql
mysql.port=3306
mysql.host=localhost
mysql.database=azkabanqly
mysql.user=root
mysql.password=Gg/ru,.#5
mysql.numconnections=100
#Multiple Executor
azkaban.use.multiple.executors=true
#azkaban.executorselector.filters=StaticRemainingFlowSize,MinimumFreeMemory,CpuStatus
#azkaban.executorselector.comparator.NumberOfAssignedFlowComparator=1
#azkaban.executorselector.comparator.Memory=1
#azkaban.executorselector.comparator.LastDispatched=1
#azkaban.executorselector.comparator.CpuUsage=1
```

<li>启动并查看日志
        
```
[11899517@bigdata4 conf]$ cd ..
[11899517@bigdata4 azkaban-web]$ ls
bin  conf  extlib  lib  logs  web
[11899517@bigdata4 azkaban-web]$ bin/start-web.sh
```

<li>启动成功的输出
        
```
2019/02/18 13:14:14.849 +0800 INFO [AzkabanWebServer] [Azkaban] Starting Jetty Azkaban Web Server...
2019/02/18 13:14:14.866 +0800 INFO [AzkabanServer] [Azkaban] Loading azkaban settings file from bin/internal/../../conf
2019/02/18 13:14:14.866 +0800 INFO [AzkabanServer] [Azkaban] Loading azkaban properties file
2019/02/18 13:14:15.387 +0800 INFO [WebServerProvider] [Azkaban] Setting up connector with stats on: true
2019/02/18 13:14:15.390 +0800 INFO [WebServerProvider] [Azkaban] Starting server on port: 33604 # Max threads: 400
2019/02/18 13:14:15.489 +0800 WARN [StorageCleaner] [Azkaban] Project cleanup disabled. All artifacts will be stored.
2019/02/18 13:14:15.490 +0800 INFO [AzkabanProjectLoader] [Azkaban] Using temp dir: /mnt/home/11899517/azkaban-web/temp
2019/02/18 13:14:15.490 +0800 INFO [AzkabanProjectLoader] [Azkaban] Project version retention is set to 3
2019/02/18 13:14:15.492 +0800 WARN [XmlValidatorManager] [Azkaban] Validator directory validators does not exist or is not a directory.
2019/02/18 13:14:15.492 +0800 WARN [XmlValidatorManager] [Azkaban] Azkaban properties file does not contain the key project.validators.xml.file
2019/02/18 13:14:15.814 +0800 INFO [TriggerManager] [Azkaban] TriggerManager loaded.
2019/02/18 13:14:15.817 +0800 INFO [AzkabanWebServerModule] [Azkaban] Loading user manager class azkaban.user.XmlUserManager
2019/02/18 13:14:15.848 +0800 INFO [XmlUserManager] [Azkaban] Loading user root
2019/02/18 13:14:15.849 +0800 INFO [XmlUserManager] [Azkaban] Loading user metrics
2019/02/18 13:14:15.892 +0800 INFO [AzkabanWebServer] [Azkaban] Loading built-in checker and action types
2019/02/18 13:14:15.895 +0800 INFO [CheckerTypeLoader] [Azkaban] Registering checker BasicTimeChecker
2019/02/18 13:14:15.896 +0800 INFO [CheckerTypeLoader] [Azkaban] Registering checker SlaChecker
2019/02/18 13:14:15.896 +0800 INFO [CheckerTypeLoader] [Azkaban] Registering checker ExecutionChecker
2019/02/18 13:14:15.896 +0800 INFO [ActionTypeLoader] [Azkaban] Registering action ExecuteFlowAction
2019/02/18 13:14:15.896 +0800 INFO [ActionTypeLoader] [Azkaban] Registering action KillExecutionAction
2019/02/18 13:14:15.897 +0800 INFO [ActionTypeLoader] [Azkaban] Registering action AlertAction
2019/02/18 13:14:15.897 +0800 INFO [ActionTypeLoader] [Azkaban] Registering action CreateTriggerAction
2019/02/18 13:14:15.897 +0800 INFO [PluginCheckerAndActionsLoader] [Azkaban] Loading plug-in checker and action types
2019/02/18 13:14:15.898 +0800 ERROR [PluginCheckerAndActionsLoader] [Azkaban] plugin path plugins/triggers doesn't exist!
2019/02/18 13:14:15.910 +0800 INFO [AzkabanWebServer] [Azkaban] Setting timezone to Asia/Shanghai
2019/02/18 13:14:15.911 +0800 INFO [AzkabanWebServer] [Azkaban] Registering MBeans...
2019/02/18 13:14:15.919 +0800 INFO [AzkabanWebServer] [Azkaban] Bean azkaban.jmx.JmxJettyServer registered.
2019/02/18 13:14:15.921 +0800 INFO [AzkabanWebServer] [Azkaban] Bean azkaban.jmx.JmxTriggerManager registered.
2019/02/18 13:14:15.923 +0800 INFO [AzkabanWebServer] [Azkaban] Bean azkaban.jmx.JmxExecutorManager registered.
2019/02/18 13:14:15.933 +0800 INFO [AzkabanWebServer] [Azkaban] Bean org.apache.log4j.jmx.HierarchyDynamicMBean registered.
2019/02/18 13:14:15.933 +0800 INFO [AzkabanWebServer] [Azkaban] ************* loginLoggerObjName is null, make sure there is a logger with name azkaban.webapp.servlet.LoginAbstractAzkabanServlet
2019/02/18 13:14:15.933 +0800 INFO [ExecutorManager] [Azkaban] Initializing executors from database.
2019/02/18 13:14:15.985 +0800 INFO [ExecutorManager] [Azkaban] Loading running flows from database..
2019/02/18 13:14:16.000 +0800 INFO [ExecutorManager] [Azkaban] Loaded 0 running flows
2019/02/18 13:14:16.005 +0800 INFO [ExecutorManager] [Azkaban] QueueProcessorThread active turned true
2019/02/18 13:14:16.006 +0800 INFO [ExecutorManager] [Azkaban] Cleaning old logs from execution_logs
2019/02/18 13:14:16.009 +0800 INFO [AzkabanWebServer] [Azkaban] Setting up web resource dir web/
2019/02/18 13:14:16.030 +0800 INFO [ExecutorManager] [Azkaban] Cleaning old log files before 2018-11-26T13:14:16.006+08:00
2019/02/18 13:14:16.032 +0800 INFO [ExecutorManager] [Azkaban] Cleaned up 0 log entries.
2019/02/18 13:14:16.032 +0800 INFO [ExecutorManager] [Azkaban] log clean up time: 0 seconds.
2019/02/18 13:14:16.072 +0800 INFO [JdbcTriggerImpl] [Azkaban] Loading all triggers from db.
2019/02/18 13:14:16.074 +0800 INFO [JdbcTriggerImpl] [Azkaban] Loaded 0 triggers.
2019/02/18 13:14:16.101 +0800 INFO [ProjectManagerServlet] [Azkaban] downloadBufferSize: 8192
2019/02/18 13:14:16.337 +0800 INFO [AzkabanWebServer] [Azkaban] Server started
```

<li>修改web页面的帐号密码
        
```
/mnt/home/11899517/azkaban-web/conf/azkaban-users.xml
<azkaban-users>
  <user groups="azkaban" password="888888" roles="admin" username="azkabanweb"/>
  <user password="metrics" roles="metrics" username="metrics"/>

  <role name="admin" permissions="ADMIN"/>
  <role name="metrics" permissions="METRICS"/>
</azkaban-users>
```

#### 部署executor

```
[11899517@bigdata4 azkaban]$ cd azkaban-exec-server
[11899517@bigdata4 azkaban-exec-server]$ cd build/distributions
[11899517@bigdata4 distributions]$ ls
azkaban-exec-server-3.69.0-7-g3e5693a.tar.gz  azkaban-exec-server-3.69.0-7-g3e5693a.zip
[11899517@bigdata4 distributions]$ pwd
/mnt/home/11899517/azkaban/azkaban-exec-server/build/distributions
[11899517@bigdata4 distributions]$ cd ~
[11899517@bigdata4 ~]$ cd azkaban
[11899517@bigdata4 azkaban]$ cp /mnt/home/11899517/azkaban/azkaban-exec-server/build/distributions/azkaban-exec-server-3.69.0-7-g3e5693a.tar.gz ~
[11899517@bigdata4 azkaban]$ cd ..
[11899517@bigdata4 ~]$ tar -zxvf azkaban-exec-server-3.69.0-7-g3e5693a.tar.gz
azkaban-exec-server-3.69.0-7-g3e5693a/
中间省略很多输出
[11899517@bigdata4 ~]$ rm azkaban-exec-server-3.69.0-7-g3e5693a.tar.gz
[11899517@bigdata4 ~]$ ls
000000_0                               hivefile
17monipdb.dat                          indata.txt
all_tar                                json-serde-1.3.6-jar-with-dependencies.jar
azkaban                                log0605-output
azkaban-exec-server-3.69.0-7-g3e5693a  log0605.txt
azkaban-plugins                        metastore_db
azkaban-web                            mysql-connector-java-5.1.46.jar
derby.log                              mysql-connector-java-5.1.47.jar
flume                                  part00000
flumefile                              soft
flume_log                              sqoop
hive
[11899517@bigdata4 ~]$ mv azkaban-exec-server-3.69.0-7-g3e5693a azkaban-exec
[11899517@bigdata4 ~]$ ls
000000_0         hivefile
17monipdb.dat    indata.txt
all_tar          json-serde-1.3.6-jar-with-dependencies.jar
azkaban          log0605-output
azkaban-exec     log0605.txt
azkaban-plugins  metastore_db
azkaban-web      mysql-connector-java-5.1.46.jar
derby.log        mysql-connector-java-5.1.47.jar
flume            part00000
flumefile        soft
flume_log        sqoop
hive
[11899517@bigdata4 ~]$ cd azkaban-exec
[11899517@bigdata4 azkaban-exec]$ ls
bin  conf  lib  plugins
[11899517@bigdata4 azkaban-exec]$ mkdir logs;mkdir extlib;mkdir projects;mkdir execution;
[11899517@bigdata4 azkaban-exec]$ ls
bin  conf  execution  extlib  lib  logs  plugins  projects
[11899517@bigdata4 azkaban-exec]$ cd conf
[11899517@bigdata4 conf]$ ls
azkaban.properties  global.properties  log4j.properties
[11899517@bigdata4 conf]$ vi azkaban.properties

```

<li>azkaban.properties低配版

```
# Azkaban Personalization Settings
azkaban.name=Test
azkaban.label=My Local Azkaban
azkaban.color=#FF3601
azkaban.default.servlet.path=/index
web.resource.dir=web/
default.timezone.id=Asia/Shanghai
# Azkaban UserManager class
#user.manager.class=azkaban.user.XmlUserManager
#user.manager.xml.file=conf/azkaban-users.xml
# Loader for projects
#executor.global.properties=conf/global.properties
#azkaban.project.dir=projects
# Velocity dev mode
velocity.dev.mode=false
# Azkaban Jetty server properties.
jetty.use.ssl=false
jetty.maxThreads=25
jetty.port=33604
# Where the Azkaban web server is located
#azkaban.webserver.url=http://localhost:33603
# mail settings
#mail.sender=
#mail.host=
# User facing web server configurations used to construct the user facing server URLs. They are useful when there is a reverse proxy between Azkaban web servers and users.
# enduser -> myazkabanhost:443 -> proxy -> localhost:8081
# when this parameters set then these parameters are used to generate email links.
# if these parameters are not set then jetty.hostname, and jetty.port(if ssl configured jetty.ssl.port) are used.
# azkaban.webserver.external_hostname=myazkabanhost.com
# azkaban.webserver.external_ssl_port=443
# azkaban.webserver.external_port=8081
#job.failure.email=
#job.success.email=
#lockdown.create.projects=false
#cache.directory=cache
# JMX stats
#jetty.connector.stats=true
#executor.connector.stats=true
# Azkaban plugin settings
azkaban.jobtype.plugin.dir=plugins/jobtypes
# Azkaban mysql settings by default. Users should configure their own username and password.
database.type=mysql
mysql.port=3306
mysql.host=localhost
mysql.database=azkabanqly
mysql.user=root
mysql.password=Gg/ru,.#5
mysql.numconnections=100
# Azkaban Executor settings
executor.maxThreads=400
executor.flow.threads=300
executor.port=33602
```

<li>启动成功的输出：
        
```
2019/02/18 13:04:57.215 +0800 INFO [JobTypeManager] [Azkaban] Loading plugin default job types
2019/02/18 13:04:57.217 +0800 INFO [JobTypeManager] [Azkaban] Job type plugin directory set. Loading extra job types from plugins/jobtypes
2019/02/18 13:04:57.217 +0800 INFO [JobTypeManager] [Azkaban] Common plugin job props file plugins/jobtypes/common.properties not found. Using only globals props
2019/02/18 13:04:57.218 +0800 INFO [JobTypeManager] [Azkaban] Common plugin load props file plugins/jobtypes/commonprivate.properties found. Attempt to load.
2019/02/18 13:04:57.220 +0800 INFO [FlowRunnerManager] [Azkaban] # of executing flows: 0
2019/02/18 13:04:57.220 +0800 INFO [FlowRunnerManager] [Azkaban] Cleaning recently finished
2019/02/18 13:04:57.220 +0800 INFO [FlowRunnerManager] [Azkaban] Cleaning old execution dirs
2019/02/18 13:04:57.234 +0800 INFO [ExecJettyServerModule] [Azkaban] Setting up connector with stats on: true
2019/02/18 13:04:57.235 +0800 INFO [ExecJettyServerModule] [Azkaban] Jetty connector name: 0.0.0.0:33602, default header buffer size: 4096
2019/02/18 13:04:57.235 +0800 INFO [ExecJettyServerModule] [Azkaban] Jetty connector name: 0.0.0.0:33602, (if) new header buffer size: 4096
2019/02/18 13:04:57.275 +0800 INFO [JmxJobMBeanManager] [Azkaban] Initializing azkaban.execapp.jmx.JmxJobMBeanManager
2019/02/18 13:04:57.275 +0800 INFO [AzkabanExecutorServer] [Azkaban] Job callback enabled? true
2019/02/18 13:04:57.277 +0800 INFO [JobCallbackManager] [Azkaban] Initializing
2019/02/18 13:04:57.280 +0800 INFO [JobCallbackRequestMaker] [Azkaban] responseWaitTimeoutMS: 5000
2019/02/18 13:04:57.282 +0800 INFO [JobCallbackRequestMaker] [Azkaban] Global request configuration [expectContinueEnabled=false, proxy=null, localAddress=null, cookieSpec=null, redirectsEnabled=true, relativeRedirectsAllowed=true, maxRedirects=50, circularRedirectsAllowed=false, authenticationEnabled=true, targetPreferredAuthSchemes=null, proxyPreferredAuthSchemes=null, connectionRequestTimeout=3000, connectTimeout=3000, socketTimeout=3000, contentCompressionEnabled=true]
2019/02/18 13:04:57.601 +0800 INFO [JobCallbackRequestMaker] [Azkaban] Jobcall thread pool size: 10
2019/02/18 13:04:57.603 +0800 INFO [JobCallbackRequestMaker] [Azkaban] Initialization for azkaban.execapp.event.JobCallbackRequestMaker is completed
2019/02/18 13:04:57.604 +0800 INFO [JobCallbackManager] [Azkaban] Initialization completed azkaban.execapp.event.JobCallbackManager
2019/02/18 13:04:57.604 +0800 INFO [JobCallbackManager] [Azkaban] azkabanHostName bigdata4.novalocal
2019/02/18 13:04:57.604 +0800 INFO [AzkabanExecutorServer] [Azkaban] Registering MBeans...
2019/02/18 13:04:57.614 +0800 INFO [AzkabanExecutorServer] [Azkaban] Bean azkaban.jmx.JmxJettyServer registered.
2019/02/18 13:04:57.616 +0800 INFO [AzkabanExecutorServer] [Azkaban] Bean azkaban.execapp.jmx.JmxFlowRunnerManager registered.
2019/02/18 13:04:57.618 +0800 INFO [AzkabanExecutorServer] [Azkaban] Bean azkaban.execapp.jmx.JmxJobMBeanManager registered.
2019/02/18 13:04:57.619 +0800 INFO [AzkabanExecutorServer] [Azkaban] Bean azkaban.execapp.jmx.JmxJobCallback registered.
2019/02/18 13:04:57.619 +0800 INFO [AzkabanExecutorServer] [Azkaban] No value for property: jmx.attribute.processor.class was found
2019/02/18 13:04:58.205 +0800 INFO [AzkabanExecutorServer] [Azkaban] This executor is already in the DB. Found: bigdata4.novalocal:33602 (id: 2), active=false
2019/02/18 13:04:58.295 +0800 INFO [AzkabanExecutorServer] [Azkaban] Started Executor Server on bigdata4.novalocal:33602
2019/02/18 13:04:58.310 +0800 INFO [AzkabanExecutorServer] [Azkaban] Setting timezone to Asia/Shanghai
```

#### 插入启动记录

```
[11899517@bigdata4 azkaban-exec]$ mysql -hlocalhost -P3306 -uroot -pGg/ru,.#5 -Dazkabanqly
mysql: [Warning] Using a password on the command line interface can be insecure.
Reading table information for completion of table and column names
You can turn off this feature to get a quicker startup with -A

Welcome to the MySQL monitor.  Commands end with ; or \g.
Your MySQL connection id is 36175
Server version: 5.7.22 MySQL Community Server (GPL)

Copyright (c) 2000, 2018, Oracle and/or its affiliates. All rights reserved.

Oracle is a registered trademark of Oracle Corporation and/or its
affiliates. Other names may be trademarks of their respective
owners.

Type 'help;' or '\h' for help. Type '\c' to clear the current input statement.

mysql> show tables;
+--------------------------+
| Tables_in_azkabanqly     |
+--------------------------+
| QRTZ_BLOB_TRIGGERS       |
| QRTZ_CALENDARS           |
| QRTZ_CRON_TRIGGERS       |
| QRTZ_FIRED_TRIGGERS      |
| QRTZ_JOB_DETAILS         |
| QRTZ_LOCKS               |
| QRTZ_PAUSED_TRIGGER_GRPS |
| QRTZ_SCHEDULER_STATE     |
| QRTZ_SIMPLE_TRIGGERS     |
| QRTZ_SIMPROP_TRIGGERS    |
| QRTZ_TRIGGERS            |
| active_executing_flows   |
| active_sla               |
| execution_dependencies   |
| execution_flows          |
| execution_jobs           |
| execution_logs           |
| executor_events          |
| executors                |
| project_events           |
| project_files            |
| project_flow_files       |
| project_flows            |
| project_permissions      |
| project_properties       |
| project_versions         |
| projects                 |
| properties               |
| triggers                 |
+--------------------------+
29 rows in set (0.00 sec)

mysql> select * from exectors limit 5;
ERROR 1146 (42S02): Table 'azkabanqly.exectors' doesn't exist
mysql> select * from executors limit 5;
Empty set (0.01 sec)

mysql> insert into executors(host,port,active) values("localhost",33602,1);
Query OK, 1 row affected (0.01 sec)

mysql> select * from executors limit 5;
+----+-----------+-------+--------+
| id | host      | port  | active |
+----+-----------+-------+--------+
|  1 | localhost | 33602 |      1 |
+----+-----------+-------+--------+
1 row in set (0.00 sec)

mysql> exit
Bye
[11899517@bigdata4 azkaban-exec]$ bin/start-exec.sh
[11899517@bigdata4 azkaban-exec]$ ls
bin         executions                                  lib       temp
conf        executor.port                               logs
currentpid  executorServerLog__2019-02-17+11:36:19.out  plugins
execution   extlib                                      projects
[11899517@bigdata4 azkaban-exec]$ cd logs
[11899517@bigdata4 logs]$ ls
azkaban-execserver.log
[11899517@bigdata4 logs]$ 
```

#### 端口被占用kill掉

```
[11899517@bigdata4 ~]$ lsof -i:33602
COMMAND   PID     USER   FD   TYPE    DEVICE SIZE/OFF NODE NAME
java    48048 11899517  230u  IPv6 492114226      0t0  TCP *:33602 (LISTEN)
[11899517@bigdata4 ~]$ lsof -i:33603
[11899517@bigdata4 ~]$ lsof -i:33604
COMMAND   PID     USER   FD   TYPE    DEVICE SIZE/OFF NODE NAME
java    25143 11899517  196u  IPv6 493602982      0t0  TCP *:33604 (LISTEN)
[11899517@bigdata4 ~]$ kill -9 25143
[11899517@bigdata4 ~]$ kill -9 48048
```

#### 浏览器登录 10.173.32.6:33604
<li>服务启动后若修改帐号密码，需要重启服务

